2026-08-02T12:52:19Z soak start duration_secs=2700 rc_height=6 v4_dim=128
2026-08-02T12:52:21Z crossing RC height=6
2026-08-02T12:53:50Z scenario=relay start
2026-08-02T12:53:50Z scenario=relay ok
2026-08-02T12:55:21Z scenario=relay start
2026-08-02T12:55:22Z scenario=relay ok
2026-08-02T12:56:52Z scenario=relay start
2026-08-02T12:56:53Z scenario=relay ok
2026-08-02T12:58:23Z scenario=relay start
2026-08-02T12:58:24Z scenario=relay ok
2026-08-02T12:59:54Z scenario=relay start
2026-08-02T12:59:55Z scenario=relay ok
2026-08-02T13:01:25Z scenario=relay start
2026-08-02T13:01:26Z scenario=relay ok
2026-08-02T13:02:57Z scenario=relay start
2026-08-02T13:02:57Z scenario=relay ok
2026-08-02T13:04:28Z scenario=relay start
2026-08-02T13:04:28Z scenario=relay ok
2026-08-02T13:05:59Z scenario=relay start
2026-08-02T13:05:59Z scenario=relay ok
2026-08-02T13:07:20Z scenario=restart_cache start
2026-08-02T13:07:23Z scenario=restart_cache ok height_before=15 height_after=16
2026-08-02T13:07:33Z scenario=relay start
2026-08-02T13:07:34Z scenario=relay ok
2026-08-02T13:09:04Z scenario=relay start
2026-08-02T13:09:05Z scenario=relay ok
2026-08-02T13:10:35Z scenario=relay start
2026-08-02T13:10:36Z scenario=relay ok
2026-08-02T13:12:07Z scenario=relay start
2026-08-02T13:12:07Z scenario=relay ok
2026-08-02T13:12:22Z scenario=competing_branch start
2026-08-02T13:12:28Z scenario=competing_branch ok
2026-08-02T13:13:39Z scenario=relay start
2026-08-02T13:13:39Z scenario=relay ok
2026-08-02T13:15:10Z scenario=relay start
2026-08-02T13:15:10Z scenario=relay ok
2026-08-02T13:16:41Z scenario=relay start
2026-08-02T13:16:41Z scenario=relay ok
2026-08-02T13:18:12Z scenario=relay start
2026-08-02T13:18:12Z scenario=relay ok
2026-08-02T13:19:43Z scenario=relay start
2026-08-02T13:19:43Z scenario=relay ok
2026-08-02T13:21:14Z scenario=relay start
2026-08-02T13:21:15Z scenario=relay ok
2026-08-02T13:22:20Z scenario=restart_cache start
2026-08-02T13:22:23Z scenario=restart_cache ok height_before=28 height_after=29
2026-08-02T13:22:23Z scenario=ibd_boundary start
2026-08-02T13:22:27Z scenario=ibd_boundary ok lag=3 height=32
2026-08-02T13:22:47Z scenario=relay start
2026-08-02T13:22:48Z scenario=relay ok
2026-08-02T13:24:18Z scenario=relay start
2026-08-02T13:24:19Z scenario=relay ok
2026-08-02T13:25:49Z scenario=relay start
2026-08-02T13:25:50Z scenario=relay ok
2026-08-02T13:27:20Z scenario=relay start
2026-08-02T13:27:21Z scenario=relay ok
2026-08-02T13:28:51Z scenario=relay start
2026-08-02T13:28:52Z scenario=relay ok
2026-08-02T13:30:22Z scenario=relay start
2026-08-02T13:30:23Z scenario=relay ok
2026-08-02T13:31:54Z scenario=relay start
2026-08-02T13:31:54Z scenario=relay ok
2026-08-02T13:32:24Z scenario=competing_branch start
2026-08-02T13:32:30Z scenario=competing_branch ok
2026-08-02T13:33:25Z scenario=relay start
2026-08-02T13:33:26Z scenario=relay ok
2026-08-02T13:34:57Z scenario=relay start
2026-08-02T13:34:57Z scenario=relay ok
2026-08-02T13:36:28Z scenario=relay start
2026-08-02T13:36:28Z scenario=relay ok
2026-08-02T13:37:19Z scenario=relay start
2026-08-02T13:37:19Z scenario=relay ok
2026-08-02T13:37:19Z soak complete
2026-08-02T13:37:19Z cleanup begin rc=0
2026-08-02T13:37:20Z cleanup end
